// Jest Snapshot v1, https://goo.gl/fbAQLP

exports[` Client renders correctly 1`] = `
<div>
  <div
    className="container container z-depth-1 my-5 py-5"
    data-test="container"
  >
    <div>
      <h6
        className="font-weight-bold text-center grey-text text-uppercase small mb-4"
      >
        Clients
      </h6>
      <div
        className="animated bounceIn clientanimation"
        data-test="animation"
        onAnimationEnd={[Function]}
        onAnimationIteration={[Function]}
        onAnimationStart={[Function]}
        style={
          Object {
            "animationDelay": undefined,
            "animationDuration": "3s",
            "animationIterationCount": 1,
            "animationName": "bounceIn",
            "visibility": "visible",
          }
        }
      >
        <h2
          className="font-weight-bold text-center dark-grey-text pb-2"
        >
           Meet Some of Our Amazing Clients
        </h2>
      </div>
      <hr
        className="w-header my-4"
      />
      <p
        className="text-center w-responsive mx-auto pb-5"
      >
        We establish partnerships, provide responsive service, understand client goals, apply intelligent solutions and treat clients with respect. We ask that our clients view us as an extension of their teams rather than considering us a vendor of services.
      </p>
      <div
        className="animated bounceIn clientanimation"
        data-test="animation"
        onAnimationEnd={[Function]}
        onAnimationIteration={[Function]}
        onAnimationStart={[Function]}
        style={
          Object {
            "animationDelay": undefined,
            "animationDuration": "3s",
            "animationIterationCount": 1,
            "animationName": "bounceIn",
            "visibility": "visible",
          }
        }
      />
    </div>
    <div
      className="row"
      data-test="row"
    >
      <div
        className="col-md-12 col-lg-4 cocacolalogo"
        data-test="col"
      >
        <img
          alt="Coca Cola Kenya"
          className="img-fluid z-depth-1"
          src="cocacola.png"
        />
      </div>
      <div
        className="col-md-6 col-lg-4 mb-4"
        data-test="col"
      >
        <img
          alt=""
          className="img-fluid z-depth-1-half"
          src="nokia.jpeg"
        />
      </div>
      <div
        className="col-md-6 col-lg-4 mb-4"
        data-test="col"
      >
        <img
          alt=""
          className="img-fluid z-depth-2"
          src="microsoft.jpg"
        />
      </div>
    </div>
    <div
      className="row"
      data-test="row"
    >
      <div
        className="col-md-12 col-lg-4 mb-4"
        data-test="col"
      >
        <img
          alt=""
          className="img-fluid z-depth-3"
          src="IBM.png"
        />
      </div>
      <div
        className="col-md-6 col-lg-4 mb-4"
        data-test="col"
      >
        <img
          alt=""
          className="img-fluid z-depth-4"
          src="unilever.jpg"
        />
      </div>
      <div
        className="col-md-6 col-lg-4 mb-4"
        data-test="col"
      >
        <img
          alt=""
          className="img-fluid z-depth-5"
          src="standardchateredbank.png"
        />
      </div>
    </div>
    <div
      className="row"
      data-test="row"
    >
      <div
        className="col-md-12 col-lg-4 mb-4"
        data-test="col"
      >
        <img
          alt=""
          className="img-fluid z-depth-3"
          src="parmalat.png"
        />
      </div>
      <div
        className="col-md-6 col-lg-4 mb-4"
        data-test="col"
      >
        <img
          alt=""
          className="img-fluid z-depth-4"
          src="caterpillargroup.jpg"
        />
      </div>
      <div
        className="col-md-6 col-lg-4 mb-4"
        data-test="col"
      >
        <img
          alt=""
          className="img-fluid z-depth-5"
          src="enterpriserentacar.jpg"
        />
      </div>
    </div>
    <div
      className="row"
      data-test="row"
    >
      <div
        className="col-md-12 col-lg-4 mb-4"
        data-test="col"
      >
        <img
          alt=""
          className="img-fluid z-depth-3"
          src="KDN.jpg"
        />
      </div>
      <div
        className="col-md-6 col-lg-4 mb-4"
        data-test="col"
      >
        <img
          alt=""
          className="img-fluid z-depth-4"
          src="NMG.jpg"
        />
      </div>
      <div
        className="col-md-6 col-lg-4 mb-4"
        data-test="col"
      >
        <img
          alt=""
          className="img-fluid z-depth-5"
          src="bestnetltd.png"
        />
      </div>
    </div>
    <div
      className="row"
      data-test="row"
    >
      <div
        className="col-md-12 col-lg-4 mb-4"
        data-test="col"
      >
        <img
          alt=""
          className="img-fluid z-depth-3"
          src="tata.png"
        />
      </div>
      <div
        className="col-md-6 col-lg-4 mb-4"
        data-test="col"
      >
        <img
          alt=""
          className="img-fluid z-depth-4"
          src="CandRGroup.png"
        />
      </div>
      <div
        className="col-md-6 col-lg-4 mb-4"
        data-test="col"
      >
        <img
          alt=""
          className="img-fluid z-depth-5"
          src="phoenixaviation.jpeg"
        />
      </div>
    </div>
  </div>
</div>
`;
