// Jest Snapshot v1, https://goo.gl/fbAQLP

exports[` About renders correctly 1`] = `
<div>
  <div
    className="container z-depth-1 my-5 py-5"
  >
    <section>
      <h2
        className="h1-responsive font-weight-bold text-center my-5"
      >
        Corporate Technical Services
      </h2>
      <hr
        className="w-header my-4"
      />
      <p
        className="lead text-center text-muted pt-2 mb-5"
      >
        A subsidiary of Captiva Africa Ltd (
        <a
          href="https://captivaafrica.com"
        >
          Captiva Africa
        </a>
        ), was established in 2002 in Nairobi,Kenya.
      </p>
      <p
        className="lead text-center text-muted pt-2 mb-5"
      >
        When we started off, our mision was to integrate innovate technology in the provision of security solutions for the corporate client.
      </p>
      <p
        className="lead text-center text-muted pt-2 mb-5"
      >
         Our initial services comprised the automation and system integration of traditional security monitoring and response options.
      </p>
      <div
        className="row d-flex justify-content-center"
      >
        <div
          className="text-center"
        >
          <a
            className="btn-primary btn Ripple-parent"
            data-test="button"
            href="/service"
            onMouseUp={[Function]}
            onTouchStart={[Function]}
            role="button"
          >
            CTS SERVICES
            <div
              className="Ripple "
              data-test="waves"
              style={
                Object {
                  "height": "0px",
                  "left": "0px",
                  "top": "0px",
                  "width": "0px",
                }
              }
            />
          </a>
        </div>
      </div>
      <div
        className="row d-flex justify-content-center"
      >
        <div
          className="container aboutctscards"
          data-test="container"
        >
          <div
            className="card-deck"
            data-test="card-group"
          >
            <div
              className="card"
              data-test="card"
            >
              <div
                className="card-body aboutcards"
                data-test="card-body"
              >
                <p
                  className="card-text text-center"
                  data-test="card-text"
                >
                  CTS was the first company in East Africa to offer work-flow solutions to the security decision chain for corporates
                </p>
              </div>
            </div>
            <div
              className="card"
              data-test="card"
            >
              <div
                className="card-body aboutcards"
                data-test="card-body"
              >
                <p
                  className="card-text text-center"
                  data-test="card-text"
                >
                  CTS pioneered the use of Radio Frequency tag technology for large stores and supermarkets in Kenya to help prevent losses from theft by employees and customers
                </p>
              </div>
            </div>
            <div
              className="card"
              data-test="card"
            >
              <div
                className="card-body aboutcards"
                data-test="card-body"
              >
                <p
                  className="card-text text-center"
                  data-test="card-text"
                >
                  CTS was the first local private company in East Africa to be contracted by government to offer long term technical assistance to the police and ministry of interior
                </p>
              </div>
            </div>
          </div>
        </div>
      </div>
    </section>
  </div>
</div>
`;
